{
  "consistency": {
    "lightPos": [
      79.95913469543771,
      120.00972282301476,
      60.035016504536884
    ],
    "skySun": [
      0.5118859064269008,
      0.7682835235935234,
      0.38433480999804087
    ],
    "showSunDisc": 1,
    "cloudSpeed": 0,
    "timeU": 0,
    "skyLayerMask": 4,
    "lightDirDotLegacy": 0.9999999387159427,
    "skySunDotLegacy": 0.9999999387159427,
    "lightPosMagnitude": 156.20499351813308
  },
  "growth10": [
    {
      "geo": 5,
      "tex": 3,
      "prog": 12
    },
    {
      "geo": 5,
      "tex": 3,
      "prog": 12
    },
    {
      "geo": 5,
      "tex": 3,
      "prog": 12
    },
    {
      "geo": 5,
      "tex": 3,
      "prog": 12
    },
    {
      "geo": 5,
      "tex": 3,
      "prog": 12
    },
    {
      "geo": 5,
      "tex": 3,
      "prog": 12
    },
    {
      "geo": 5,
      "tex": 3,
      "prog": 12
    },
    {
      "geo": 5,
      "tex": 3,
      "prog": 12
    },
    {
      "geo": 5,
      "tex": 3,
      "prog": 12
    },
    {
      "geo": 5,
      "tex": 3,
      "prog": 12
    }
  ],
  "perf1000Day": {
    "fps": 496,
    "mean": 2.0161290322580645,
    "p50": 1,
    "p95": 4.5,
    "max": 13.30000000000291,
    "frames": 2480
  },
  "__console": []
}
