{
  "dusk-tree3a.png": [
    ".++++#############+     ",
    "####################+.  ",
    "+##################+.   ",
    "  +#########+#####.     ",
    "   ......... ....       ",
    "                        ",
    "                        ",
    "                        ",
    "                        ",
    "                        ",
    "                        ",
    "                        "
  ],
  "tech-tree3a.png": [
    "+++++#++++++++++####++++",
    "########################",
    "########################",
    "############+###########",
    "............ ...........",
    "                        ",
    "                        ",
    "                        ",
    "                        ",
    "                        ",
    "                        ",
    "                        "
  ],
  "dt-tech-d02.png": [
    "                        ",
    "                        ",
    "                        ",
    "............ ...........",
    "............ ...........",
    "                        ",
    "                        ",
    "                        ",
    "                        ",
    "                        ",
    "                        ",
    "                        "
  ],
  "day-tree3a.png": [
    "                        ",
    "                        ",
    "                        ",
    "                        ",
    "                        ",
    "                        ",
    "                        ",
    "                        ",
    "                        ",
    "                        ",
    "                        ",
    "                        "
  ],
  "__console": []
}
