[toward-sun] done
[away-sun] done
{
  "views": [
    {
      "label": "toward-sun",
      "az": 35,
      "metrics": {
        "upper": {
          "rgb": [
            242,
            248,
            246
          ],
          "white": 0.81,
          "sat": 0.031
        },
        "mid": {
          "rgb": [
            253,
            250,
            239
          ],
          "white": 0.708,
          "sat": 0.058
        }
      }
    },
    {
      "label": "away-sun",
      "az": 240,
      "metrics": {
        "upper": {
          "rgb": [
            82,
            106,
            113
          ],
          "white": 0,
          "sat": 0.279
        },
        "mid": {
          "rgb": [
            95,
            103,
            97
          ],
          "white": 0,
          "sat": 0.097
        }
      }
    }
  ],
  "__console": []
}
