{
  "dusk-tree3a.png": [
    "r 0 y 0% w0.67 mn214",
    "r 1 y 4% w0.70 mn228",
    "r 2 y 8% w0.84 mn247",
    "r 3 y13% w0.89 mn251",
    "r 4 y17% w0.85 mn249",
    "r 5 y21% w0.79 mn245",
    "r 6 y25% w0.70 mn239",
    "r 7 y29% w0.63 mn233",
    "r 8 y33% w0.42 mn199",
    "r 9 y38% w0.00 mn112",
    "r10 y42% w0.00 mn95",
    "r11 y46% w0.00 mn88",
    "r12 y50% w0.00 mn85",
    "r13 y54% w0.00 mn84",
    "r14 y58% w0.00 mn83",
    "r15 y63% w0.00 mn81",
    "r16 y67% w0.00 mn81",
    "r17 y71% w0.00 mn80",
    "r18 y75% w0.00 mn79",
    "r19 y79% w0.00 mn79",
    "r20 y83% w0.00 mn76",
    "r21 y88% w0.00 mn72",
    "r22 y92% w0.00 mn72",
    "r23 y96% w0.00 mn72"
  ],
  "dt-dusk-d05.png": [
    "r 0 y 0% w0.53 mn197",
    "r 1 y 4% w0.56 mn210",
    "r 2 y 8% w0.66 mn230",
    "r 3 y13% w0.66 mn234",
    "r 4 y17% w0.62 mn229",
    "r 5 y21% w0.57 mn222",
    "r 6 y25% w0.51 mn213",
    "r 7 y29% w0.45 mn204",
    "r 8 y33% w0.29 mn178",
    "r 9 y38% w0.00 mn112",
    "r10 y42% w0.00 mn95",
    "r11 y46% w0.00 mn88",
    "r12 y50% w0.00 mn85",
    "r13 y54% w0.00 mn84",
    "r14 y58% w0.00 mn83",
    "r15 y63% w0.00 mn81",
    "r16 y67% w0.00 mn81",
    "r17 y71% w0.00 mn80",
    "r18 y75% w0.00 mn79",
    "r19 y79% w0.00 mn79",
    "r20 y83% w0.00 mn76",
    "r21 y88% w0.00 mn72",
    "r22 y92% w0.00 mn72",
    "r23 y96% w0.00 mn72"
  ],
  "dz-clouds0.png": [
    "r 0 y 0% w0.74 mn218",
    "r 1 y 4% w0.77 mn234",
    "r 2 y 8% w0.88 mn250",
    "r 3 y13% w0.89 mn251",
    "r 4 y17% w0.86 mn249",
    "r 5 y21% w0.79 mn245",
    "r 6 y25% w0.70 mn239",
    "r 7 y29% w0.63 mn233",
    "r 8 y33% w0.42 mn199",
    "r 9 y38% w0.00 mn112",
    "r10 y42% w0.00 mn96",
    "r11 y46% w0.00 mn89",
    "r12 y50% w0.00 mn86",
    "r13 y54% w0.00 mn85",
    "r14 y58% w0.00 mn84",
    "r15 y63% w0.00 mn82",
    "r16 y67% w0.00 mn82",
    "r17 y71% w0.00 mn81",
    "r18 y75% w0.00 mn81",
    "r19 y79% w0.00 mn80",
    "r20 y83% w0.00 mn77",
    "r21 y88% w0.00 mn74",
    "r22 y92% w0.00 mn73",
    "r23 y96% w0.00 mn73"
  ],
  "day-tree3a.png": [
    "r 0 y 0% w0.00 mn113",
    "r 1 y 4% w0.00 mn113",
    "r 2 y 8% w0.00 mn105",
    "r 3 y13% w0.00 mn118",
    "r 4 y17% w0.00 mn138",
    "r 5 y21% w0.00 mn150",
    "r 6 y25% w0.00 mn165",
    "r 7 y29% w0.00 mn191",
    "r 8 y33% w0.00 mn212",
    "r 9 y38% w0.00 mn198",
    "r10 y42% w0.00 mn194",
    "r11 y46% w0.00 mn192",
    "r12 y50% w0.00 mn196",
    "r13 y54% w0.00 mn203",
    "r14 y58% w0.00 mn201",
    "r15 y63% w0.00 mn200",
    "r16 y67% w0.00 mn207",
    "r17 y71% w0.00 mn207",
    "r18 y75% w0.00 mn206",
    "r19 y79% w0.00 mn206",
    "r20 y83% w0.00 mn196",
    "r21 y88% w0.00 mn185",
    "r22 y92% w0.00 mn185",
    "r23 y96% w0.00 mn185"
  ],
  "__console": []
}
