{
  "dt-dusk-d07.png": [
    " .+++############+      ",
    ".#################+.    ",
    " .+###############.     ",
    "   .########+###+       ",
    "    ........ ...        ",
    "                        ",
    "                        ",
    "                        ",
    "                        ",
    "                        ",
    "                        ",
    "                        "
  ],
  "dt-dusk-d05.png": [
    "  ..+###########+       ",
    "  ###############+      ",
    "   +#############.      ",
    "    .#######+###        ",
    "     ....... ..         ",
    "                        ",
    "                        ",
    "                        ",
    "                        ",
    "                        ",
    "                        ",
    "                        "
  ],
  "dt-dusk-d035.png": [
    "   .+##########+        ",
    "   +############+       ",
    "    +###########.       ",
    "     +######+##.        ",
    "      ...... ..         ",
    "                        ",
    "                        ",
    "                        ",
    "                        ",
    "                        ",
    "                        ",
    "                        "
  ],
  "dt-dusk-d025.png": [
    "    .##########.        ",
    "    +###########        ",
    "    .##########+        ",
    "      +#####+#+         ",
    "       ..... .          ",
    "                        ",
    "                        ",
    "                        ",
    "                        ",
    "                        ",
    "                        ",
    "                        "
  ],
  "__console": []
}
