[alt] 0: on 4.00 off 3.80
[alt] 1: on 3.70 off 3.90
[alt] 2: on 4.00 off 3.60
{
  "alternation": [
    {
      "i": 0,
      "on": 4,
      "off": 3.8000000000010914,
      "onFps": 415.6337465013994,
      "offFps": 433.9392485052094
    },
    {
      "i": 1,
      "on": 3.7000000000007276,
      "off": 3.899999999997817,
      "onFps": 421.1978250439791,
      "offFps": 418.6743976806958
    },
    {
      "i": 2,
      "on": 4,
      "off": 3.599999999998545,
      "onFps": 399.0004997501249,
      "offFps": 425.0979764856431
    }
  ],
  "rebake": {
    "samples": [
      0.9,
      0.6,
      0.9,
      0.6,
      0.9
    ],
    "before": 1,
    "after": {
      "baked": 6,
      "retired": 5,
      "owned": 1,
      "live": 1
    }
  },
  "finalPmrem": {
    "baked": 6,
    "retired": 5,
    "owned": 1,
    "live": 1
  },
  "__console": []
}
