[dusk] done
[tech] done
{
  "sweeps": {
    "dusk": [
      {
        "disp": 0.7,
        "strips": [
          {
            "rgb": [
              205,
              218,
              220
            ],
            "clip": 0.687
          },
          {
            "rgb": [
              229,
              242,
              241
            ],
            "clip": 0.777
          },
          {
            "rgb": [
              244,
              250,
              245
            ],
            "clip": 0.85
          },
          {
            "rgb": [
              247,
              250,
              241
            ],
            "clip": 0.853
          },
          {
            "rgb": [
              248,
              249,
              234
            ],
            "clip": 0.847
          },
          {
            "rgb": [
              250,
              244,
              225
            ],
            "clip": 0.867
          }
        ]
      },
      {
        "disp": 0.5,
        "strips": [
          {
            "rgb": [
              197,
              211,
              214
            ],
            "clip": 0.598
          },
          {
            "rgb": [
              219,
              234,
              232
            ],
            "clip": 0.679
          },
          {
            "rgb": [
              236,
              244,
              235
            ],
            "clip": 0.76
          },
          {
            "rgb": [
              240,
              244,
              230
            ],
            "clip": 0.774
          },
          {
            "rgb": [
              242,
              242,
              222
            ],
            "clip": 0.786
          },
          {
            "rgb": [
              245,
              235,
              211
            ],
            "clip": 0.809
          }
        ]
      },
      {
        "disp": 0.35,
        "strips": [
          {
            "rgb": [
              187,
              202,
              204
            ],
            "clip": 0.528
          },
          {
            "rgb": [
              207,
              223,
              219
            ],
            "clip": 0.588
          },
          {
            "rgb": [
              225,
              234,
              222
            ],
            "clip": 0.655
          },
          {
            "rgb": [
              231,
              235,
              217
            ],
            "clip": 0.675
          },
          {
            "rgb": [
              234,
              232,
              208
            ],
            "clip": 0.693
          },
          {
            "rgb": [
              237,
              224,
              196
            ],
            "clip": 0.713
          }
        ]
      },
      {
        "disp": 0.25,
        "strips": [
          {
            "rgb": [
              176,
              193,
              193
            ],
            "clip": 0.467
          },
          {
            "rgb": [
              196,
              212,
              206
            ],
            "clip": 0.519
          },
          {
            "rgb": [
              214,
              223,
              209
            ],
            "clip": 0.573
          },
          {
            "rgb": [
              221,
              224,
              203
            ],
            "clip": 0.6
          },
          {
            "rgb": [
              224,
              221,
              194
            ],
            "clip": 0.62
          },
          {
            "rgb": [
              228,
              212,
              182
            ],
            "clip": 0.641
          }
        ]
      }
    ],
    "tech": [
      {
        "disp": 0.4,
        "strips": [
          {
            "rgb": [
              150,
              224,
              225
            ],
            "clip": 0.829
          },
          {
            "rgb": [
              174,
              249,
              249
            ],
            "clip": 0.963
          },
          {
            "rgb": [
              204,
              255,
              255
            ],
            "clip": 1
          },
          {
            "rgb": [
              226,
              255,
              255
            ],
            "clip": 1
          },
          {
            "rgb": [
              247,
              255,
              255
            ],
            "clip": 1
          },
          {
            "rgb": [
              255,
              255,
              255
            ],
            "clip": 1
          }
        ]
      },
      {
        "disp": 0.3,
        "strips": [
          {
            "rgb": [
              133,
              204,
              225
            ],
            "clip": 0.829
          },
          {
            "rgb": [
              153,
              239,
              249
            ],
            "clip": 0.963
          },
          {
            "rgb": [
              180,
              254,
              255
            ],
            "clip": 1
          },
          {
            "rgb": [
              201,
              255,
              255
            ],
            "clip": 1
          },
          {
            "rgb": [
              220,
              255,
              255
            ],
            "clip": 1
          },
          {
            "rgb": [
              249,
              255,
              255
            ],
            "clip": 1
          }
        ]
      },
      {
        "disp": 0.2,
        "strips": [
          {
            "rgb": [
              111,
              172,
              225
            ],
            "clip": 0.829
          },
          {
            "rgb": [
              127,
              200,
              249
            ],
            "clip": 0.963
          },
          {
            "rgb": [
              150,
              220,
              255
            ],
            "clip": 1
          },
          {
            "rgb": [
              167,
              236,
              255
            ],
            "clip": 1
          },
          {
            "rgb": [
              184,
              252,
              255
            ],
            "clip": 1
          },
          {
            "rgb": [
              214,
              255,
              255
            ],
            "clip": 1
          }
        ]
      },
      {
        "disp": 0.15,
        "strips": [
          {
            "rgb": [
              98,
              152,
              206
            ],
            "clip": 0
          },
          {
            "rgb": [
              111,
              176,
              235
            ],
            "clip": 0.009
          },
          {
            "rgb": [
              131,
              193,
              247
            ],
            "clip": 0.169
          },
          {
            "rgb": [
              147,
              208,
              253
            ],
            "clip": 0.724
          },
          {
            "rgb": [
              161,
              224,
              255
            ],
            "clip": 1
          },
          {
            "rgb": [
              188,
              242,
              255
            ],
            "clip": 0.999
          }
        ]
      }
    ]
  },
  "__console": []
}
