{
  "tune-tech-tree-disp-07.png": [
    {
      "rgb": [
        189,
        225,
        225
      ],
      "clip": 0.829
    },
    {
      "rgb": [
        222,
        249,
        249
      ],
      "clip": 0.963
    },
    {
      "rgb": [
        247,
        255,
        255
      ],
      "clip": 1
    },
    {
      "rgb": [
        255,
        255,
        255
      ],
      "clip": 1
    },
    {
      "rgb": [
        255,
        255,
        255
      ],
      "clip": 1
    },
    {
      "rgb": [
        255,
        255,
        255
      ],
      "clip": 1
    }
  ],
  "tune-tech-tree-disp-05.png": [
    {
      "rgb": [
        165,
        225,
        225
      ],
      "clip": 0.829
    },
    {
      "rgb": [
        192,
        249,
        249
      ],
      "clip": 0.963
    },
    {
      "rgb": [
        221,
        255,
        255
      ],
      "clip": 1
    },
    {
      "rgb": [
        242,
        255,
        255
      ],
      "clip": 1
    },
    {
      "rgb": [
        255,
        255,
        255
      ],
      "clip": 1
    },
    {
      "rgb": [
        255,
        255,
        255
      ],
      "clip": 1
    }
  ],
  "tune-tech-tree-disp-035.png": [
    {
      "rgb": [
        142,
        217,
        225
      ],
      "clip": 0.829
    },
    {
      "rgb": [
        164,
        248,
        249
      ],
      "clip": 0.963
    },
    {
      "rgb": [
        193,
        255,
        255
      ],
      "clip": 1
    },
    {
      "rgb": [
        215,
        255,
        255
      ],
      "clip": 1
    },
    {
      "rgb": [
        235,
        255,
        255
      ],
      "clip": 1
    },
    {
      "rgb": [
        254,
        255,
        255
      ],
      "clip": 1
    }
  ],
  "tune-night-tree-base.png": [
    {
      "rgb": [
        97,
        114,
        145
      ],
      "clip": 0.012
    },
    {
      "rgb": [
        66,
        96,
        146
      ],
      "clip": 0
    },
    {
      "rgb": [
        51,
        91,
        152
      ],
      "clip": 0
    },
    {
      "rgb": [
        106,
        139,
        189
      ],
      "clip": 0
    },
    {
      "rgb": [
        105,
        146,
        207
      ],
      "clip": 0.081
    },
    {
      "rgb": [
        100,
        159,
        227
      ],
      "clip": 0.309
    }
  ],
  "tune-dusk-tree-base.png": [
    {
      "rgb": [
        213,
        222,
        224
      ],
      "clip": 0.77
    },
    {
      "rgb": [
        238,
        247,
        247
      ],
      "clip": 0.863
    },
    {
      "rgb": [
        250,
        254,
        252
      ],
      "clip": 0.947
    },
    {
      "rgb": [
        252,
        254,
        250
      ],
      "clip": 0.948
    },
    {
      "rgb": [
        253,
        253,
        245
      ],
      "clip": 0.921
    },
    {
      "rgb": [
        254,
        251,
        238
      ],
      "clip": 0.943
    }
  ],
  "__console": []
}
