[H] done
[I] done
[J] done
{
  "candidates": [
    {
      "id": "H",
      "turbidity": 3.5,
      "rayleigh": 2.2,
      "mie": 0.003,
      "g": 0.8,
      "display": 1,
      "metrics": {
        "upper": {
          "rgb": [
            234,
            247,
            244
          ],
          "white": 0.644,
          "sat": 0.065
        },
        "mid": {
          "rgb": [
            253,
            247,
            225
          ],
          "white": 0.438,
          "sat": 0.115
        },
        "hor": {
          "rgb": [
            173,
            157,
            150
          ],
          "white": 0.102,
          "sat": 0.126
        }
      }
    },
    {
      "id": "I",
      "turbidity": 2.5,
      "rayleigh": 2.6,
      "mie": 0.0035,
      "g": 0.8,
      "display": 1,
      "metrics": {
        "upper": {
          "rgb": [
            236,
            247,
            239
          ],
          "white": 0.571,
          "sat": 0.07
        },
        "mid": {
          "rgb": [
            253,
            242,
            216
          ],
          "white": 0.325,
          "sat": 0.147
        },
        "hor": {
          "rgb": [
            171,
            154,
            148
          ],
          "white": 0.071,
          "sat": 0.126
        }
      }
    },
    {
      "id": "J",
      "turbidity": 5,
      "rayleigh": 2.2,
      "mie": 0.002,
      "g": 0.8,
      "display": 0.9,
      "metrics": {
        "upper": {
          "rgb": [
            230,
            245,
            241
          ],
          "white": 0.573,
          "sat": 0.078
        },
        "mid": {
          "rgb": [
            251,
            244,
            218
          ],
          "white": 0.377,
          "sat": 0.138
        },
        "hor": {
          "rgb": [
            172,
            155,
            147
          ],
          "white": 0.082,
          "sat": 0.134
        }
      }
    }
  ],
  "__console": []
}
