{
  "new-day": [
    {
      "yf": 0,
      "rgb": [
        114,
        146,
        195
      ],
      "clip": 0
    },
    {
      "yf": 0.17,
      "rgb": [
        110,
        161,
        223
      ],
      "clip": 0
    },
    {
      "yf": 0.33,
      "rgb": [
        109,
        173,
        237
      ],
      "clip": 0
    },
    {
      "yf": 0.5,
      "rgb": [
        135,
        192,
        248
      ],
      "clip": 0.252
    },
    {
      "yf": 0.67,
      "rgb": [
        150,
        210,
        255
      ],
      "clip": 0.972
    },
    {
      "yf": 0.83,
      "rgb": [
        170,
        232,
        255
      ],
      "clip": 0.999
    }
  ],
  "old-day": [
    {
      "yf": 0,
      "rgb": [
        101,
        148,
        199
      ],
      "clip": 0
    },
    {
      "yf": 0.17,
      "rgb": [
        113,
        165,
        221
      ],
      "clip": 0
    },
    {
      "yf": 0.33,
      "rgb": [
        120,
        172,
        226
      ],
      "clip": 0
    },
    {
      "yf": 0.5,
      "rgb": [
        126,
        175,
        228
      ],
      "clip": 0
    },
    {
      "yf": 0.67,
      "rgb": [
        131,
        178,
        229
      ],
      "clip": 0
    },
    {
      "yf": 0.83,
      "rgb": [
        137,
        182,
        229
      ],
      "clip": 0
    }
  ],
  "new-dusk": [
    {
      "yf": 0,
      "rgb": [
        213,
        222,
        224
      ],
      "clip": 0.77
    },
    {
      "yf": 0.17,
      "rgb": [
        238,
        247,
        247
      ],
      "clip": 0.863
    },
    {
      "yf": 0.33,
      "rgb": [
        250,
        254,
        252
      ],
      "clip": 0.947
    },
    {
      "yf": 0.5,
      "rgb": [
        252,
        254,
        250
      ],
      "clip": 0.948
    },
    {
      "yf": 0.67,
      "rgb": [
        253,
        253,
        245
      ],
      "clip": 0.921
    },
    {
      "yf": 0.83,
      "rgb": [
        254,
        251,
        238
      ],
      "clip": 0.943
    }
  ],
  "old-dusk": [
    {
      "yf": 0,
      "rgb": [
        50,
        59,
        87
      ],
      "clip": 0
    },
    {
      "yf": 0.17,
      "rgb": [
        59,
        64,
        93
      ],
      "clip": 0
    },
    {
      "yf": 0.33,
      "rgb": [
        69,
        69,
        96
      ],
      "clip": 0
    },
    {
      "yf": 0.5,
      "rgb": [
        78,
        73,
        97
      ],
      "clip": 0
    },
    {
      "yf": 0.67,
      "rgb": [
        88,
        78,
        99
      ],
      "clip": 0
    },
    {
      "yf": 0.83,
      "rgb": [
        97,
        82,
        101
      ],
      "clip": 0
    }
  ],
  "new-night": [
    {
      "yf": 0,
      "rgb": [
        97,
        114,
        145
      ],
      "clip": 0.012
    },
    {
      "yf": 0.17,
      "rgb": [
        66,
        96,
        146
      ],
      "clip": 0
    },
    {
      "yf": 0.33,
      "rgb": [
        51,
        91,
        152
      ],
      "clip": 0
    },
    {
      "yf": 0.5,
      "rgb": [
        106,
        139,
        189
      ],
      "clip": 0
    },
    {
      "yf": 0.67,
      "rgb": [
        105,
        146,
        207
      ],
      "clip": 0.081
    },
    {
      "yf": 0.83,
      "rgb": [
        100,
        159,
        227
      ],
      "clip": 0.309
    }
  ],
  "old-night": [
    {
      "yf": 0,
      "rgb": [
        16,
        21,
        34
      ],
      "clip": 0
    },
    {
      "yf": 0.17,
      "rgb": [
        12,
        17,
        32
      ],
      "clip": 0
    },
    {
      "yf": 0.33,
      "rgb": [
        12,
        17,
        33
      ],
      "clip": 0
    },
    {
      "yf": 0.5,
      "rgb": [
        13,
        18,
        34
      ],
      "clip": 0
    },
    {
      "yf": 0.67,
      "rgb": [
        14,
        19,
        36
      ],
      "clip": 0
    },
    {
      "yf": 0.83,
      "rgb": [
        14,
        20,
        37
      ],
      "clip": 0
    }
  ],
  "new-tech": [
    {
      "yf": 0,
      "rgb": [
        216,
        225,
        225
      ],
      "clip": 0.829
    },
    {
      "yf": 0.17,
      "rgb": [
        249,
        249,
        249
      ],
      "clip": 0.963
    },
    {
      "yf": 0.33,
      "rgb": [
        255,
        255,
        255
      ],
      "clip": 1
    },
    {
      "yf": 0.5,
      "rgb": [
        255,
        255,
        255
      ],
      "clip": 1
    },
    {
      "yf": 0.67,
      "rgb": [
        255,
        255,
        255
      ],
      "clip": 1
    },
    {
      "yf": 0.83,
      "rgb": [
        255,
        255,
        255
      ],
      "clip": 1
    }
  ],
  "old-tech": [
    {
      "yf": 0,
      "rgb": [
        11,
        23,
        35
      ],
      "clip": 0
    },
    {
      "yf": 0.17,
      "rgb": [
        5,
        20,
        34
      ],
      "clip": 0
    },
    {
      "yf": 0.33,
      "rgb": [
        5,
        21,
        35
      ],
      "clip": 0
    },
    {
      "yf": 0.5,
      "rgb": [
        5,
        22,
        37
      ],
      "clip": 0
    },
    {
      "yf": 0.67,
      "rgb": [
        5,
        23,
        38
      ],
      "clip": 0
    },
    {
      "yf": 0.83,
      "rgb": [
        6,
        25,
        40
      ],
      "clip": 0
    }
  ],
  "__console": []
}
