{
  "iblOn": {
    "fps": 458.2441969730292,
    "mean": 2.182242582897033,
    "p50": 1.0999999999994543,
    "p95": 5.600000000000364,
    "max": 15,
    "frames": 2292
  },
  "envNull": {
    "fps": 479.4369914229161,
    "mean": 2.085779816513762,
    "p50": 1.1000000000021828,
    "p95": 5.100000000000364,
    "max": 16.5,
    "frames": 2398
  },
  "restored": {
    "fps": 420.4636290967226,
    "mean": 2.3783269961977185,
    "p50": 1.1999999999970896,
    "p95": 5.799999999999272,
    "max": 19.80000000000291,
    "frames": 2104
  },
  "restoredEnvOk": true,
  "__console": []
}
