{
  "ibl": {
    "environmentNull": false,
    "isTexture": true,
    "mapping": 306,
    "cubeUVMapping": true,
    "environmentIntensity": 1,
    "imageWidth": 768
  },
  "growth10": [
    {
      "geo": 23,
      "tex": 5,
      "prog": 10
    },
    {
      "geo": 23,
      "tex": 5,
      "prog": 10
    },
    {
      "geo": 23,
      "tex": 5,
      "prog": 10
    },
    {
      "geo": 23,
      "tex": 5,
      "prog": 10
    },
    {
      "geo": 23,
      "tex": 5,
      "prog": 10
    },
    {
      "geo": 23,
      "tex": 5,
      "prog": 10
    },
    {
      "geo": 23,
      "tex": 5,
      "prog": 10
    },
    {
      "geo": 23,
      "tex": 5,
      "prog": 10
    },
    {
      "geo": 23,
      "tex": 5,
      "prog": 10
    },
    {
      "geo": 23,
      "tex": 5,
      "prog": 10
    }
  ],
  "switchTimesMs": [
    30.19999998807907,
    32.80000001192093,
    30.200000047683716,
    33.30000001192093,
    30.5,
    30.69999998807907,
    30.69999998807907,
    32.299999952316284
  ],
  "perf1000Day": {
    "fps": 478.98924473231773,
    "mean": 2.087729549248748,
    "p50": 1,
    "p95": 5.600000000005821,
    "max": 11.700000000004366,
    "frames": 2396
  },
  "__console": [
    {
      "src": "console",
      "level": "warning",
      "text": "THREE.WebGLProgram: Program Info Log: (210,81-129): warning X4122: sum of 0.996094 and -2.98545e-017 cannot be represented accurately in double precision\n(209,37-61): warning X4122: sum of 1 and -1.49272e-017 cannot be represented accurately in double precision\n(210,82-106): warning X4122: sum of 1 "
    },
    {
      "src": "log",
      "level": "error",
      "text": "Failed to load resource: the server responded with a status of 404 (Not Found)"
    }
  ]
}
