{
  "marks": [
    {
      "geo": 4,
      "tex": 6,
      "prog": 3
    },
    {
      "geo": 5,
      "tex": 8,
      "prog": 3
    },
    {
      "geo": 6,
      "tex": 10,
      "prog": 3
    },
    {
      "geo": 7,
      "tex": 12,
      "prog": 3
    },
    {
      "geo": 8,
      "tex": 14,
      "prog": 3
    },
    {
      "geo": 9,
      "tex": 16,
      "prog": 3
    },
    {
      "geo": 10,
      "tex": 18,
      "prog": 3
    },
    {
      "geo": 11,
      "tex": 20,
      "prog": 3
    },
    {
      "geo": 12,
      "tex": 22,
      "prog": 3
    },
    {
      "geo": 13,
      "tex": 24,
      "prog": 3
    }
  ]
}
