[perf1000] day done
[perf1000] dusk done
[perf1000] night done
[perf1000] tech done
{
  "probe": true,
  "perf1000": {
    "day": {
      "fps": 511.3693178409295,
      "mean": 1.9555338287055144,
      "p50": 1,
      "p95": 4.400000000001455,
      "max": 13.100000000000364,
      "frames": 2557
    },
    "dusk": {
      "fps": 507.97968081276747,
      "mean": 1.9685826771653545,
      "p50": 1,
      "p95": 4.5,
      "max": 12.600000000000364,
      "frames": 2540
    },
    "night": {
      "fps": 506.2076410963832,
      "mean": 1.9754739336492897,
      "p50": 1,
      "p95": 4.5,
      "max": 12.30000000000291,
      "frames": 2532
    },
    "tech": {
      "fps": 506.5973610555778,
      "mean": 1.9739542225730071,
      "p50": 1,
      "p95": 4.5,
      "max": 11.900000000001455,
      "frames": 2534
    }
  }
}
